[INFO] Scanning for projects...
[INFO] 
[INFO] ---------------------< org.chatApp:custom-shopify >---------------------
[INFO] Building custom-shopify 0.0.1-SNAPSHOT
[INFO]   from pom.xml
[INFO] --------------------------------[ jar ]---------------------------------
[INFO] 
[INFO] --- resources:3.3.1:resources (default-resources) @ custom-shopify ---
[INFO] Copying 1 resource from src\main\resources to target\classes
[INFO] Copying 0 resource from src\main\resources to target\classes
[INFO] 
[INFO] --- compiler:3.11.0:compile (default-compile) @ custom-shopify ---
[INFO] Changes detected - recompiling the module! :source
[INFO] Compiling 16 source files with javac [debug release 17] to target\classes
[INFO] /D:/Spring/custom-shopify/src/main/java/org/chatapp/customshopify/service/ShopifyTokenValidator.java: D:\Spring\custom-shopify\src\main\java\org\chatapp\customshopify\service\ShopifyTokenValidator.java uses or overrides a deprecated API.
[INFO] /D:/Spring/custom-shopify/src/main/java/org/chatapp/customshopify/service/ShopifyTokenValidator.java: Recompile with -Xlint:deprecation for details.
[INFO] /D:/Spring/custom-shopify/src/main/java/org/chatapp/customshopify/service/ProductService.java: Some input files use unchecked or unsafe operations.
[INFO] /D:/Spring/custom-shopify/src/main/java/org/chatapp/customshopify/service/ProductService.java: Recompile with -Xlint:unchecked for details.
[INFO] -------------------------------------------------------------
[ERROR] COMPILATION ERROR : 
[INFO] -------------------------------------------------------------
[ERROR] /D:/Spring/custom-shopify/src/main/java/org/chatapp/customshopify/service/ShopifyTokenValidator.java:[44,21] cannot find symbol
  symbol:   method parseClaimsJws(java.lang.String)
  location: interface io.jsonwebtoken.JwtParserBuilder
[INFO] 1 error
[INFO] -------------------------------------------------------------
[INFO] ------------------------------------------------------------------------
[INFO] BUILD FAILURE
[INFO] ------------------------------------------------------------------------
[INFO] Total time:  7.090 s
[INFO] Finished at: 2026-01-23T16:49:45+07:00
[INFO] ------------------------------------------------------------------------
[ERROR] Failed to execute goal org.apache.maven.plugins:maven-compiler-plugin:3.11.0:compile (default-compile) on project custom-shopify: Compilation failure
[ERROR] /D:/Spring/custom-shopify/src/main/java/org/chatapp/customshopify/service/ShopifyTokenValidator.java:[44,21] cannot find symbol
[ERROR]   symbol:   method parseClaimsJws(java.lang.String)
[ERROR]   location: interface io.jsonwebtoken.JwtParserBuilder
[ERROR] 
[ERROR] -> [Help 1]
[ERROR] 
[ERROR] To see the full stack trace of the errors, re-run Maven with the -e switch.
[ERROR] Re-run Maven using the -X switch to enable full debug logging.
[ERROR] 
[ERROR] For more information about the errors and possible solutions, please read the following articles:
[ERROR] [Help 1] http://cwiki.apache.org/confluence/display/MAVEN/MojoFailureException
